<div class="foo"><a href="http://oddbird.net">Hello, OddBird!</a> there</div>
